
> @audio/effect@2.1.6 test:all
> npm test --workspaces --if-present && npm test


> @audio/effect@2.1.6 test
> node --test test.js test-api.js

✔ autoWah — omitted/undefined options equal fresh defaults; preserve typed buffers and independent calls (3.631708ms)
✔ bitcrusher — omitted/undefined options equal fresh defaults; preserve typed buffers and independent calls (0.585584ms)
✔ chorus — omitted/undefined options equal fresh defaults; preserve typed buffers and independent calls (1.891125ms)
✔ delay — omitted/undefined options equal fresh defaults; preserve typed buffers and independent calls (0.86675ms)
✔ distortion — omitted/undefined options equal fresh defaults; preserve typed buffers and independent calls (0.779416ms)
✔ exciter — omitted/undefined options equal fresh defaults; preserve typed buffers and independent calls (1.053ms)
✔ flanger — omitted/undefined options equal fresh defaults; preserve typed buffers and independent calls (1.27125ms)
✔ frequencyShifter — omitted/undefined options equal fresh defaults; preserve typed buffers and independent calls (3.685625ms)
✔ gain — omitted/undefined options equal fresh defaults; preserve typed buffers and independent calls (0.504792ms)
✔ grainDelay — omitted/undefined options equal fresh defaults; preserve typed buffers and independent calls (2.110292ms)
✔ lofi — omitted/undefined options equal fresh defaults; preserve typed buffers and independent calls (2.446292ms)
✔ multitap — omitted/undefined options equal fresh defaults; preserve typed buffers and independent calls (1.264125ms)
✔ noiseShaping — omitted/undefined options equal fresh defaults; preserve typed buffers and independent calls (0.894417ms)
✔ phaser — omitted/undefined options equal fresh defaults; preserve typed buffers and independent calls (1.367958ms)
✔ pingPong — omitted/undefined options equal fresh defaults; preserve typed buffers and independent calls (1.347083ms)
✔ ringMod — omitted/undefined options equal fresh defaults; preserve typed buffers and independent calls (0.724708ms)
✔ rotary — omitted/undefined options equal fresh defaults; preserve typed buffers and independent calls (4.4075ms)
✔ sbr — omitted/undefined options equal fresh defaults; preserve typed buffers and independent calls (1.744167ms)
✔ slewLimiter — omitted/undefined options equal fresh defaults; preserve typed buffers and independent calls (0.626542ms)
✔ stutter — omitted/undefined options equal fresh defaults; preserve typed buffers and independent calls (0.746041ms)
✔ subbass — omitted/undefined options equal fresh defaults; preserve typed buffers and independent calls (1.529375ms)
✔ tapeStop — omitted/undefined options equal fresh defaults; preserve typed buffers and independent calls (0.926875ms)
✔ tremolo — omitted/undefined options equal fresh defaults; preserve typed buffers and independent calls (0.732042ms)
✔ vibrato — omitted/undefined options equal fresh defaults; preserve typed buffers and independent calls (1.014417ms)
✔ wah — omitted/undefined options equal fresh defaults; preserve typed buffers and independent calls (1.101792ms)
✔ autoWah — reused options preserve default streaming state across empty and boundary splits (0.539625ms)
✔ bitcrusher — reused options preserve default streaming state across empty and boundary splits (0.562625ms)
✔ chorus — reused options preserve default streaming state across empty and boundary splits (0.491584ms)
✔ delay — reused options preserve default streaming state across empty and boundary splits (0.414083ms)
✔ distortion — reused options preserve default streaming state across empty and boundary splits (0.247083ms)
✔ exciter — reused options preserve default streaming state across empty and boundary splits (0.523083ms)
✔ flanger — reused options preserve default streaming state across empty and boundary splits (0.310375ms)
✔ frequencyShifter — reused options preserve default streaming state across empty and boundary splits (0.585958ms)
✔ gain — reused options preserve default streaming state across empty and boundary splits (0.371375ms)
✔ grainDelay — reused options preserve default streaming state across empty and boundary splits (1.053083ms)
✔ lofi — reused options preserve default streaming state across empty and boundary splits (1.141791ms)
✔ multitap — reused options preserve default streaming state across empty and boundary splits (0.870792ms)
✔ noiseShaping — reused options preserve default streaming state across empty and boundary splits (0.272833ms)
✔ phaser — reused options preserve default streaming state across empty and boundary splits (0.313917ms)
✔ pingPong — reused options preserve default streaming state across empty and boundary splits (0.737584ms)
✔ ringMod — reused options preserve default streaming state across empty and boundary splits (0.325833ms)
✔ rotary — reused options preserve default streaming state across empty and boundary splits (0.821833ms)
✔ sbr — reused options preserve default streaming state across empty and boundary splits (0.493958ms)
✔ slewLimiter — reused options preserve default streaming state across empty and boundary splits (0.377791ms)
✔ stutter — reused options preserve default streaming state across empty and boundary splits (0.476917ms)
✔ subbass — reused options preserve default streaming state across empty and boundary splits (0.65525ms)
✔ tremolo — reused options preserve default streaming state across empty and boundary splits (0.471042ms)
✔ vibrato — reused options preserve default streaming state across empty and boundary splits (0.524625ms)
✔ wah — reused options preserve default streaming state across empty and boundary splits (0.682708ms)
✔ delay — exact impulse echoes, sample-rate units and causal minimum delay (1.619375ms)
✔ delay — changing effective length resets; unchanged length and empty writes preserve history (0.204042ms)
✔ delay — changing mix/feedback preserves queued audio and the ring allocation (0.048209ms)
✔ delay — invalid lengths/rates fail before modifying samples or state (0.298292ms)
✔ pingPong — exact impulse echoes, sample-rate units and causal minimum delay (2.025542ms)
✔ pingPong — changing effective length resets; unchanged length and empty writes preserve history (0.054792ms)
✔ pingPong — changing mix/feedback preserves queued audio and the ring allocation (0.020375ms)
✔ pingPong — invalid lengths/rates fail before modifying samples or state (0.1205ms)
✔ stereo effects — mismatched channel lengths fail before processing (0.081375ms)
✔ chorus/flanger — zero and fractional-sample rings stay finite and chunk-invariant (0.193333ms)
✔ multitap — default tap cache is reused between blocks (0.034458ms)
✔ delay factory — dry bypass has no tail; unknown automation reserves a finite tail (0.101833ms)
✔ delay factories — tail follows settings, reaches -60 dB, and includes long feedback echoes (0.098416ms)
✔ delay factories — disconnected inputs drain tails, channels and instances remain independent (0.628417ms)
✔ mixer — empty/equal-length inputs return a fresh exact sum; mismatches reject before mutation (0.175792ms)
✔ phaser — produces output, modifies signal (1.582833ms)
✔ phaser — stable over long buffer (2.201458ms)
✔ flanger — produces modulated output (0.879709ms)
✔ chorus — produces output (0.761542ms)
✔ chorus/flanger — delay is seconds (0.007 behaves like the pre-unification 7ms) (0.55025ms)
✔ wah — produces bandpass-like output (0.801584ms)
✔ wah (manual): the analog bandpass s/(s² + s/Q + 1), bilinear-mapped with prewarping at fc (43.862542ms)
✔ wah, autoWah, exciter, sbr: finite and bounded at every corner of their ranges, 16–48 kHz (197.792083ms)
✔ tremolo — modulates amplitude (2.348791ms)
✔ tremolo — depth=0 is passthrough (0.1615ms)
✔ vibrato — modulates pitch (0.548708ms)
✔ vibrato — depth 0 is passthrough-ish, depth 1 modulates strongly (0.561333ms)
✔ rotary — Doppler sidebands appear at the horn rotor rate (29.375833ms)
✔ rotary — horn and drum rotors modulate at independent, crossover-routed rates (490.7205ms)
✔ rotary — AM depth grows monotonically with depth (27.530333ms)
✔ rotary — speed change glides through the inertia model (chorale → tremolo) (98.703416ms)
✔ rotary — L/R mics decorrelate without gross mono cancellation (12.404667ms)
✔ rotary — mix=0 is exact bypass (zero latency) (0.36125ms)
✔ rotary — streaming continuity across split buffers; no NaN/Inf, length preserved (3.173167ms)
✔ ringMod — produces sum/difference frequencies (0.376ms)
✔ ringMod — mix=0 is passthrough (0.063083ms)
✔ delay — echo at specified time (2.730292ms)
✔ delay — feedback creates repeating echoes (0.595333ms)
✔ multitap — multiple echoes (1.5535ms)
✔ pingPong — creates alternating echoes (0.828167ms)
✔ slewLimiter — limits rate of change (0.065209ms)
✔ noiseShaping — quantizes to target bit depth (0.110958ms)
✔ noiseShaping — error stays within one step and is pushed toward Nyquist (3.111417ms)
✔ gain — amplifies signal (0.11825ms)
✔ gain — dB=0 is passthrough (0.039292ms)
✔ mixer — sums buffers (0.086959ms)
✔ distortion — soft clip limits to ±1 (0.099625ms)
✔ distortion — hard clip brickwall (0.080375ms)
✔ distortion — tanh stays in ±1 (0.047167ms)
✔ distortion — foldback stays in ±1 (0.16225ms)
✔ distortion — mix=0 is passthrough (0.112083ms)
✔ distortion — adds harmonics (modifies signal) (0.419042ms)
✔ bitcrusher — quantizes to bit depth (0.161166ms)
✔ bitcrusher — sample-rate reduction holds values (0.053292ms)
✔ bitcrusher — no NaN/Inf (0.190209ms)
✔ autoWah — produces output without NaN (0.5325ms)
✔ autoWah — envelope rises with signal (0.368375ms)
✔ autoWah — louder input drives envelope higher (0.165ms)
✔ exciter — amount=0 is passthrough (0.451625ms)
✔ exciter — adds harmonics on high-band input (0.641ms)
✔ frequencyShifter — shift=0 is near-passthrough (minus Hilbert delay) (1.581ms)
✔ frequencyShifter — 200 Hz up shifts peak to ~640 Hz (2.033333ms)
✔ frequencyShifter — mix=0 is the delay-aligned dry (constant latency at every mix) (3.493584ms)
✔ graindelay — delayed grains appear, dry-only until delay time (5.854583ms)
✔ graindelay — pitch: +12 st grains read at 2× rate (octave up) (3.499334ms)
✔ stutter — slice repeats fill the interval (1.226125ms)
✔ stutter — decay attenuates successive repeats (1.524542ms)
✔ lofi — bandwidth ceiling kills 12 kHz, keeps 500 Hz (3.198834ms)
✔ lofi — wow modulation spreads a pure tone (4.73475ms)
✔ subbass — generates low-mid harmonics from a 60 Hz sub (3.241708ms)
✔ sbr — regenerates content above the cutoff (3.567208ms)
✔ chorus — depth 1 stays finite (read distance may reach ring size) (4.428875ms)
✔ chorus — live voices increase keeps state finite (1.666958ms)
✔ chorus/flanger/vibrato — live delay/depth shrink keeps ring pointer valid (1.794125ms)
✔ phaser — live stages change keeps cascade finite (1.731875ms)
✔ multitap — steady-state calls reuse tap table; zero-time tap stays finite (0.184292ms)
✔ frequencyShifter — dry/wet blend is group-delay aligned (no comb at mix<1) (1.832417ms)
✔ tapestop — linear (curve=1) pitch trajectory follows f0·(1 − t/time) (2.001792ms)
✔ tapestop — consumed input over a linear ramp sits at ≈ time/2 (1.343959ms)
✔ tapestop — silence after the stop completes (1.406ms)
✔ tapestop — content before `at` is bit-identical to input (1.214792ms)
✔ tapestop — curve=2 falls faster than curve=1 (linear) early in the ramp (0.864792ms)
✔ tapestop — spin-up (direction: start) ramps 0 → f0 (1.134375ms)
✔ tapestop — flutter is seeded-deterministic (7.218625ms)
✔ tapestop — length preserved, no NaN/Inf (0.608833ms)
✔ renamed options — exciter/subbass `freq` and sbr `cutoff` still work as `fc` (4.307291ms)
ℹ tests 135
ℹ suites 0
ℹ pass 135
ℹ fail 0
ℹ cancelled 0
ℹ skipped 0
ℹ todo 0
ℹ duration_ms 1085.167125
