
> audio@2.9.0 test:site
> node --test test/site.test.js

✔ site: static bundle hydrates offline and exports finite, trimmed PCM (1536.821458ms)
✔ site: the install button copies the command, then shows a check until the copy mark returns (2472.935834ms)
✔ site: A → A → stereo B, undo and rebuilding the chain preserve the current file samples (10301.088625ms)
✔ site: cancel, invalid bytes and zero-frame WAV preserve the previous file (3396.869166ms)
✔ site: one-sample WAV remains finite and undo restores its sample (1539.307292ms)
✔ site: silence trimmed to zero disables output; undo restores valid silent PCM (1506.973542ms)
✔ site: render failure disables stale output; a new edit recovers (10508.624292ms)
✔ site: 20 MB accepts decoding, over-limit skips it; 120 seconds accepts, one frame over rejects (4151.855709ms)
✔ site: stale resume resolve cannot replace or stop newer playback (675.098584ms)
✔ site: stale resume reject cannot replace or stop newer playback (648.646ms)
✔ site: playback failure permits export and a successful playback retry (1710.072917ms)
✔ site: export failure clears busy state and retry preserves the edited PCM (2659.021542ms)
✔ site: pagehide followed by return creates a usable audio context (671.789375ms)
✔ site: edits change PCM and all code examples; undo restores the chain (6454.148833ms)
✔ site: output releases smoothly across buffer boundaries and cancels future or late sources (600.732958ms)
✔ site: player intent prepares audio without starting sound (656.136291ms)
✔ site: source-start failure releases the output and playback can retry (668.618625ms)
✔ site: original starts promptly and stopping releases the whole scheduled queue (1795.659917ms)
✔ site: edited starts promptly and stopping releases the whole scheduled queue (1788.219958ms)
✔ site: live filter sliders change streamed samples without restarting playback or the cursor (2701.983458ms)
✔ site: original playback and pause remain available during a delayed parameter render (2682.904333ms)
✔ site: edited playback and pause remain available during a delayed parameter render (2776.17ms)
✔ site: streaming handles a one-sample A, replay A, and a different stereo B (881.41225ms)
✔ site: a live duration change reaches its new end; removing all samples stops output (3512.669583ms)
✔ site: a playing selection keeps its time boundaries when a live parameter changes track length (2850.70675ms)
✔ site: stale stream resolve cannot interrupt a switch to the original (943.257291ms)
✔ site: stale stream reject cannot interrupt a switch to the original (799.445458ms)
✔ site: a live render failure stops queued edited audio and a new parameter value recovers (3647.126583ms)
✔ site: a stream failure cancels queued blocks and playback can retry (841.829ms)
✔ site: failed edits on a new file still show and play the current original (2927.17125ms)
✔ site: per-wave playback preserves positions, streams edits and replaces the source buffer after upload (2579.815083ms)
✔ site: seek supports keyboard boundaries, playback continuation and menu edits (957.772625ms)
✔ site: Space plays the focused original waveform, pauses once and respects its range (966.255625ms)
✔ site: Space plays the focused edited waveform, pauses once and respects its range (970.8285ms)
✔ site: Space cancels pending waveform playback without hijacking other controls (1101.57ms)
✔ site: pause cancels pending resume before an audio source starts (645.794375ms)
✔ site: original replays from zero after natural end and seeking to EOF (4292.353083ms)
✔ site: edited replays from zero after natural end and seeking to EOF (4278.697584ms)
✔ site: original playback preserves the empty-edit error after a playback retry (1591.720833ms)
✔ site: a pending WAV export permits pause, seek and switching previews (1067.662583ms)
✔ site: selection fill stays independent of the playback cursor and waveform opacity (846.135333ms)
✔ site: selected playback stops at its end; click seeks and clears the range (917.014375ms)
✔ site: cropping edited selection uses that timeline and undo restores PCM (2513.732ms)
✔ site: a pointer selection lights its track, shows its range in the readout digits, and crops at readable precision (1494.8565ms)
✔ site: Crop and Undo keep working across selections, and cropping again updates the crop in place (3094.61125ms)
✔ site: with a range of the edit selected, the add menu applies methods there, as the library does in Node (2807.433417ms)
✔ site: a crop chain with no overlap disables output and Undo restores the prior samples (4093.106667ms)
✔ site: selection cancellation restores the previous range and keyboard selection reaches boundaries (706.128541ms)
✔ site: interrupted pointer selection restores the prior range and releases capture (848.445333ms)
✔ site: sub-sample selection at the final boundary crops one sample (1270.896083ms)
✔ site: added processing composes in order, duplicates work, and removal is undoable (4183.923292ms)
✔ site: Remove takes a step out, focus moves to the pill before it, and an empty chain keeps the samples (2140.073667ms)
✔ site: a slider updates the bars, level reading and PCM as it moves (4685.700916ms)
✔ site: a slider moved during a delayed render keeps its menu usable and the latest value wins (2523.329166ms)
✔ site: a slider value moved during a menu or Undo render lands once that render ends (5047.672333ms)
✔ site: a slider moved during a delayed file decode lands on the previous source when the decode fails (2523.161875ms)
✔ site: a step's pill opens a slider per number, each changing only its own, a range's too (2646.138542ms)
✔ site: a parameter slider updates only its step, renders during a drag and undoes the gesture once (3876.556542ms)
✔ site: edits form the chain; the flat open crumb joins its menu; fade sliders keep the cursors visible (1817.579958ms)
✔ site: the sound's pill lists the samples and a file; the save's, the downloads; keys and a press outside close them (3380.995375ms)
✔ site: every sample is generated sound: stereo, finite, silent at both edges, its length, and near -16 LUFS (5923.025667ms)
✔ site: a length reads its tenths exactly: 441,600 frames at 48 kHz show 0:09.2, a millisecond less 0:09.1 (824.798958ms)
✔ site: the download picks the format: a real MP3, loaded only then; WAV again preserves PCM (2107.622667ms)
✔ site: a crop's Duration at zero removes every sample, and Undo brings the sample back (2887.667833ms)
✔ site: an edit past two minutes disables output and recovers within them (4007.970917ms)
✔ site: grayscale highlighting keeps literal code in every tab, and the underline follows the chosen tab (1023.359375ms)
✔ site: the CLI shown for a chain renders the same samples as the demo (23128.943083ms)
✔ site: the add menu appends each method with its defaults, and Undo removes it (7077.880875ms)
✔ site: the add menu stays usable on an empty result, and clearing the chain recovers the samples (1891.622542ms)
✔ site: menu edits stop playback, clear the selection, and recover after a render error (2588.80625ms)
✔ site: Open a file… and the keyboard open the file picker; cancel and same-file reuse preserve audio (3681.421417ms)
✔ site: the add menu supports keyboard boundaries, dismissal and focus return (1274.798625ms)
✔ site: the open add menu stays in the viewport after resize and follows its trigger on scroll (948.036833ms)
✔ site: cursor level follows local samples; track headers show duration without peak levels (2162.41025ms)
✔ site: the chain runs from the sound to the download, named after the source, in its format (3074.967417ms)
✔ site: the devices keep their height through menus, selection, playback errors, files, formats and tabs (1865.196167ms)
✔ site: a slider drag keeps the waveform and controls steady until each render lands (1982.854708ms)
✔ site: both tracks stay drawn in full with their carets; a press activates its track and moves its caret at once (651.042208ms)
✔ site: a selected range shows its peak in dBFS, the library measuring the same samples (991.757584ms)
✔ site: selection actions replace Undo on the baseline without shifting the readout (2546.015125ms)
✔ site: crop uses the edited timeline and Undo restores the exact stereo audio (3518.146042ms)
✔ site: cut uses the edited timeline and Undo restores the exact stereo audio (3474.796084ms)
✔ site: clipboard tools fit a selected range without overlapping meters, and stay out of the processing menu (995.664667ms)
✔ site: clipboard actions copy unchanged audio, paste at a caret or replace a range, and Undo restores the clipboard (6284.163334ms)
✔ site: Cut all and Paste restores empty audio, and opening a new file clears the clipboard (1585.302167ms)
✔ site: ORIGINAL only copies; later cross-waveform pastes preserve earlier captures and replay in the examples (7158.474584ms)
✔ site: quick actions recover from an empty result and render failure with Undo still available (2317.091833ms)
✔ site: dropping on the plus-turned-trash removes only that effect, Undo restores PCM, and the last drop leaves Add (5482.640208ms)
✔ site: cancelled trash drops restore Add without editing; touch can delete a wrapped crumb (4183.688083ms)
✔ site: an open crumb can be dragged through its connected menu tab (1181.8415ms)
✔ site: scrolling as Add opens preserves room for its menu in a short viewport (712.813583ms)
✔ site: Add shows processing methods without a scrollbar; a short viewport still reaches the last method (1534.125042ms)
✔ site: dragging a crumb previews an animated swap, commits audio once, and Undo restores it (4134.242917ms)
✔ site: interrupted crumb drags restore the chain without an Undo entry (3815.365208ms)
✔ site: keyboard arrows reorder duplicate methods, respect boundaries, and preserve focus (2584.911084ms)
✔ site: touch reorders wrapped crumbs and reduced motion skips swap animation (768.527208ms)
✔ site: rules and players meet the dot grid; matching file pills fit beside their tracks (9091.116ms)
✔ site: an empty chain accepts a first edit; single-crumb boundary moves and same-slot drops add no Undo step (1702.752458ms)
✔ site: a pending reorder rejects another drag; a render failure disables stale output and Undo restores PCM (4149.977375ms)
✔ site: original loops a selected range and stops at its end when toggled off (2993.714125ms)
✔ site: edited loops a selected range and stops at its end when toggled off (3565.957083ms)
✔ site: a one-sample edited loop batches repetitions and pause cancels its producer (1263.387792ms)
✔ site: trim exposes automatic and explicit thresholds, including silence and both slider boundaries (5740.450792ms)
✔ site: source menu fits its content and trailing chevrons stay on the preceding wrapped line (2147.672417ms)
✔ site: FLAC, AIFF and Ogg export real stereo audio and load codecs only on demand (2257.78375ms)
✔ site: Record captures a local microphone twice, releases tracks, and loads playable exportable samples (3170.537375ms)
✔ site: recording fills the original waveform with a red caret and stops from its play control (7132.854042ms)
✔ site: denied, missing and cancelled microphone requests preserve the source and release late tracks (3600.580667ms)
✔ site: an empty recording and recorder errors recover; pagehide releases an active microphone (2053.14125ms)
✔ site: scoped trim keeps its range when switching between Auto and explicit thresholds (3316.054041ms)
✔ site: pagehide ignores a recording whose decode finishes after suspension (1316.690333ms)
✔ site: stale recording callbacks cannot stop a newer take (1515.927625ms)
✔ site: the desktop widget fits its default chain and the add menu joins its trigger (4943.403125ms)
✔ site: Add stays in the waveform actions while the chain uses all available row space (6133.310708ms)
✔ site: utility icons share the content edge and loop colors stay stable through clicks and hover (1497.321375ms)
✔ workshop: previews keep the original and fit desktop, narrow and mobile widths (1856.238291ms)
✔ workshop: chain beads color one pill at a time and open as the full pill with its menu and live parameter editing (3820.412541ms)
✔ workshop: previews keep menus usable through reorder, deletion, Undo and empty chains (6218.643583ms)
✔ workshop: necks follow the join circle between neighbors and round off at the ends through tuning, dragging, deletion and Undo (3878.9145ms)
✔ site: arrow links reconnect through wrapping, reordering, removal and reset (3982.31525ms)
✔ workshop: named chains stay on one row and scroll sideways, and a drop lands where it falls (2201.464458ms)
✔ logo: a signal through a window, filled by half a window as its gradient, turned by hand or moving, printed in two tones (14064.177709ms)
✔ logo motion: at rest it is the logo; near its middle it stirs; flung it spins on and settles; a tap or Space gives the next signal; a lift can stretch it (16833.108083ms)
✔ logo: the zero axis runs across the window under a silent wave, thin, taking as much of the ink as it is given (790.614833ms)
✔ logo motion: a mimic copies the pointer's sideways moves near its middle, and catches in the logo pose when the pointer leaves (6101.993291ms)
✔ site: the tab icon holds the whole wave as it turns, no crest cut at its edge (686.490125ms)
✔ site: the header mark is the logo drawn live; over the whole title it copies the pointer, a drag turns it without following the link, the tab icon turns with it (3426.839834ms)
✔ site: the header mark comes whole and stays plain: from its first frame at size it is solid ink, nothing fades in (2721.543875ms)
✔ logo: a morph of nothing takes a new signal, window or gradient at once (781.476833ms)
✔ logo motion: the axis is there or not at once, with no fade in or out (1288.910291ms)
✔ site: the mark and the name change places between pages by moving only: the old picture goes and the new stands whole (1864.352792ms)
✔ logo motion: a height or a cycle count that is no number for a moment does not freeze the mark (4121.830583ms)
✔ logo motion: a hover sets off at once and eases out to the pace it keeps (1077.897083ms)
✔ site: from page to page the wordmark carries on: the REPL's mark, clicked, launches, and the home page takes up its spin as the page fades across (2501.756417ms)
ℹ tests 134
ℹ suites 0
ℹ pass 134
ℹ fail 0
ℹ cancelled 0
ℹ skipped 0
ℹ todo 0
ℹ duration_ms 415108.678959
